MPLINK 5.09, LINKER
Linker Map File - Created Wed Jan 27 17:55:35 2021

                                 Section Info
                  Section       Type    Address   Location Size(Bytes)
                ---------  ---------  ---------  ---------  ---------
                   .org_0       code   0x000000    program   0x000004
                   .cinit    romdata   0x000004    program   0x000002
                   .org_1       code   0x000008    program   0x000004
                   .org_2       code   0x000018    program   0x00028c
.config_300000_BUILD/DEFAULT/DEBUG/FILERX.O    romdata   0x300000    program   0x000001
.config_300001_BUILD/DEFAULT/DEBUG/FILERX.O    romdata   0x300001    program   0x000001
.config_300002_BUILD/DEFAULT/DEBUG/FILERX.O    romdata   0x300002    program   0x000001
.config_300003_BUILD/DEFAULT/DEBUG/FILERX.O    romdata   0x300003    program   0x000001
.config_300004_BUILD/DEFAULT/DEBUG/FILERX.O    romdata   0x300004    program   0x000001
.config_300005_BUILD/DEFAULT/DEBUG/FILERX.O    romdata   0x300005    program   0x000001
.config_300006_BUILD/DEFAULT/DEBUG/FILERX.O    romdata   0x300006    program   0x000001
.config_300007_BUILD/DEFAULT/DEBUG/FILERX.O    romdata   0x300007    program   0x000001



                              Program Memory Usage 
                               Start         End      
                           ---------   ---------      
                            0x000000    0x000005      
                            0x000008    0x00000b      
                            0x000018    0x0002a3      
                            0x300000    0x300007      
            670 out of 132366 program addresses used, program memory utilization is 0%



                              Symbols - Sorted by Name
                     Name    Address   Location    Storage File                     
                ---------  ---------  ---------  --------- ---------                
                  D10mSec   0x00010e    program     static C:\Users\Johnny\Documents\Project\MPLAB Projects\FileRX.X\FileRX.asm
                   D1uSec   0x000100    program     static C:\Users\Johnny\Documents\Project\MPLAB Projects\FileRX.X\FileRX.asm
               I2C1GotAck   0x000046    program     static C:\Users\Johnny\Documents\Project\MPLAB Projects\FileRX.X\FileRX.asm
                  I2C1Put   0x00003c    program     static C:\Users\Johnny\Documents\Project\MPLAB Projects\FileRX.X\FileRX.asm
                I2C1Setup   0x000032    program     static C:\Users\Johnny\Documents\Project\MPLAB Projects\FileRX.X\FileRX.asm
             I2C1WaitData   0x00002a    program     static C:\Users\Johnny\Documents\Project\MPLAB Projects\FileRX.X\FileRX.asm
             I2C1WaitIdle   0x00001c    program     static C:\Users\Johnny\Documents\Project\MPLAB Projects\FileRX.X\FileRX.asm
               I2C2GotAck   0x000076    program     static C:\Users\Johnny\Documents\Project\MPLAB Projects\FileRX.X\FileRX.asm
                  I2C2Put   0x00006c    program     static C:\Users\Johnny\Documents\Project\MPLAB Projects\FileRX.X\FileRX.asm
                I2C2Setup   0x000062    program     static C:\Users\Johnny\Documents\Project\MPLAB Projects\FileRX.X\FileRX.asm
             I2C2WaitData   0x00005a    program     static C:\Users\Johnny\Documents\Project\MPLAB Projects\FileRX.X\FileRX.asm
             I2C2WaitIdle   0x00004c    program     static C:\Users\Johnny\Documents\Project\MPLAB Projects\FileRX.X\FileRX.asm
                      ISR   0x000296    program     static C:\Users\Johnny\Documents\Project\MPLAB Projects\FileRX.X\FileRX.asm
           SendBlockToRam   0x0001e8    program     static C:\Users\Johnny\Documents\Project\MPLAB Projects\FileRX.X\FileRX.asm
                 SerialRX   0x0002a0    program     static C:\Users\Johnny\Documents\Project\MPLAB Projects\FileRX.X\FileRX.asm
               TimeoutInc   0x000086    program     static C:\Users\Johnny\Documents\Project\MPLAB Projects\FileRX.X\FileRX.asm
             TimeoutReset   0x00007c    program     static C:\Users\Johnny\Documents\Project\MPLAB Projects\FileRX.X\FileRX.asm
             _.org_2_0142   0x000142    program     static C:\Users\Johnny\Documents\Project\MPLAB Projects\FileRX.X\FileRX.asm
             _.org_2_0194   0x000194    program     static C:\Users\Johnny\Documents\Project\MPLAB Projects\FileRX.X\FileRX.asm
             _.org_2_01AA   0x0001aa    program     static C:\Users\Johnny\Documents\Project\MPLAB Projects\FileRX.X\FileRX.asm
             _.org_2_01B8   0x0001b8    program     static C:\Users\Johnny\Documents\Project\MPLAB Projects\FileRX.X\FileRX.asm
               checkError   0x0001b2    program     static C:\Users\Johnny\Documents\Project\MPLAB Projects\FileRX.X\FileRX.asm
                 checkMSB   0x00019c    program     static C:\Users\Johnny\Documents\Project\MPLAB Projects\FileRX.X\FileRX.asm
                 checksum   0x0001c2    program     static C:\Users\Johnny\Documents\Project\MPLAB Projects\FileRX.X\FileRX.asm
                       cs   0x00014c    program     static C:\Users\Johnny\Documents\Project\MPLAB Projects\FileRX.X\FileRX.asm
                     endf   0x0001bc    program     static C:\Users\Johnny\Documents\Project\MPLAB Projects\FileRX.X\FileRX.asm
                     inc2   0x00008e    program     static C:\Users\Johnny\Documents\Project\MPLAB Projects\FileRX.X\FileRX.asm
                     inc3   0x000094    program     static C:\Users\Johnny\Documents\Project\MPLAB Projects\FileRX.X\FileRX.asm
                incBlocks   0x0001da    program     static C:\Users\Johnny\Documents\Project\MPLAB Projects\FileRX.X\FileRX.asm
                    inct1   0x000152    program     static C:\Users\Johnny\Documents\Project\MPLAB Projects\FileRX.X\FileRX.asm
                    inct2   0x00015c    program     static C:\Users\Johnny\Documents\Project\MPLAB Projects\FileRX.X\FileRX.asm
                   inctcs   0x000166    program     static C:\Users\Johnny\Documents\Project\MPLAB Projects\FileRX.X\FileRX.asm
                 mainline   0x000234    program     static C:\Users\Johnny\Documents\Project\MPLAB Projects\FileRX.X\FileRX.asm
                  nextNum   0x0001cc    program     static C:\Users\Johnny\Documents\Project\MPLAB Projects\FileRX.X\FileRX.asm
                 nextSend   0x00021e    program     static C:\Users\Johnny\Documents\Project\MPLAB Projects\FileRX.X\FileRX.asm
                    noMSB   0x0001e6    program     static C:\Users\Johnny\Documents\Project\MPLAB Projects\FileRX.X\FileRX.asm
                  resloop   0x0000c6    program     static C:\Users\Johnny\Documents\Project\MPLAB Projects\FileRX.X\FileRX.asm
                      rms   0x000114    program     static C:\Users\Johnny\Documents\Project\MPLAB Projects\FileRX.X\FileRX.asm
                softReset   0x000098    program     static C:\Users\Johnny\Documents\Project\MPLAB Projects\FileRX.X\FileRX.asm
                    stall   0x000292    program     static C:\Users\Johnny\Documents\Project\MPLAB Projects\FileRX.X\FileRX.asm
                     trig   0x00010a    program     static C:\Users\Johnny\Documents\Project\MPLAB Projects\FileRX.X\FileRX.asm
                    wait1   0x000128    program     static C:\Users\Johnny\Documents\Project\MPLAB Projects\FileRX.X\FileRX.asm
                    wait2   0x00012e    program     static C:\Users\Johnny\Documents\Project\MPLAB Projects\FileRX.X\FileRX.asm
             waitForBlock   0x000122    program     static C:\Users\Johnny\Documents\Project\MPLAB Projects\FileRX.X\FileRX.asm



                              Symbols - Sorted by Address
                     Name    Address   Location    Storage File                     
                ---------  ---------  ---------  --------- ---------                
             I2C1WaitIdle   0x00001c    program     static C:\Users\Johnny\Documents\Project\MPLAB Projects\FileRX.X\FileRX.asm
             I2C1WaitData   0x00002a    program     static C:\Users\Johnny\Documents\Project\MPLAB Projects\FileRX.X\FileRX.asm
                I2C1Setup   0x000032    program     static C:\Users\Johnny\Documents\Project\MPLAB Projects\FileRX.X\FileRX.asm
                  I2C1Put   0x00003c    program     static C:\Users\Johnny\Documents\Project\MPLAB Projects\FileRX.X\FileRX.asm
               I2C1GotAck   0x000046    program     static C:\Users\Johnny\Documents\Project\MPLAB Projects\FileRX.X\FileRX.asm
             I2C2WaitIdle   0x00004c    program     static C:\Users\Johnny\Documents\Project\MPLAB Projects\FileRX.X\FileRX.asm
             I2C2WaitData   0x00005a    program     static C:\Users\Johnny\Documents\Project\MPLAB Projects\FileRX.X\FileRX.asm
                I2C2Setup   0x000062    program     static C:\Users\Johnny\Documents\Project\MPLAB Projects\FileRX.X\FileRX.asm
                  I2C2Put   0x00006c    program     static C:\Users\Johnny\Documents\Project\MPLAB Projects\FileRX.X\FileRX.asm
               I2C2GotAck   0x000076    program     static C:\Users\Johnny\Documents\Project\MPLAB Projects\FileRX.X\FileRX.asm
             TimeoutReset   0x00007c    program     static C:\Users\Johnny\Documents\Project\MPLAB Projects\FileRX.X\FileRX.asm
               TimeoutInc   0x000086    program     static C:\Users\Johnny\Documents\Project\MPLAB Projects\FileRX.X\FileRX.asm
                     inc2   0x00008e    program     static C:\Users\Johnny\Documents\Project\MPLAB Projects\FileRX.X\FileRX.asm
                     inc3   0x000094    program     static C:\Users\Johnny\Documents\Project\MPLAB Projects\FileRX.X\FileRX.asm
                softReset   0x000098    program     static C:\Users\Johnny\Documents\Project\MPLAB Projects\FileRX.X\FileRX.asm
                  resloop   0x0000c6    program     static C:\Users\Johnny\Documents\Project\MPLAB Projects\FileRX.X\FileRX.asm
                   D1uSec   0x000100    program     static C:\Users\Johnny\Documents\Project\MPLAB Projects\FileRX.X\FileRX.asm
                     trig   0x00010a    program     static C:\Users\Johnny\Documents\Project\MPLAB Projects\FileRX.X\FileRX.asm
                  D10mSec   0x00010e    program     static C:\Users\Johnny\Documents\Project\MPLAB Projects\FileRX.X\FileRX.asm
                      rms   0x000114    program     static C:\Users\Johnny\Documents\Project\MPLAB Projects\FileRX.X\FileRX.asm
             waitForBlock   0x000122    program     static C:\Users\Johnny\Documents\Project\MPLAB Projects\FileRX.X\FileRX.asm
                    wait1   0x000128    program     static C:\Users\Johnny\Documents\Project\MPLAB Projects\FileRX.X\FileRX.asm
                    wait2   0x00012e    program     static C:\Users\Johnny\Documents\Project\MPLAB Projects\FileRX.X\FileRX.asm
             _.org_2_0142   0x000142    program     static C:\Users\Johnny\Documents\Project\MPLAB Projects\FileRX.X\FileRX.asm
                       cs   0x00014c    program     static C:\Users\Johnny\Documents\Project\MPLAB Projects\FileRX.X\FileRX.asm
                    inct1   0x000152    program     static C:\Users\Johnny\Documents\Project\MPLAB Projects\FileRX.X\FileRX.asm
                    inct2   0x00015c    program     static C:\Users\Johnny\Documents\Project\MPLAB Projects\FileRX.X\FileRX.asm
                   inctcs   0x000166    program     static C:\Users\Johnny\Documents\Project\MPLAB Projects\FileRX.X\FileRX.asm
             _.org_2_0194   0x000194    program     static C:\Users\Johnny\Documents\Project\MPLAB Projects\FileRX.X\FileRX.asm
                 checkMSB   0x00019c    program     static C:\Users\Johnny\Documents\Project\MPLAB Projects\FileRX.X\FileRX.asm
             _.org_2_01AA   0x0001aa    program     static C:\Users\Johnny\Documents\Project\MPLAB Projects\FileRX.X\FileRX.asm
               checkError   0x0001b2    program     static C:\Users\Johnny\Documents\Project\MPLAB Projects\FileRX.X\FileRX.asm
             _.org_2_01B8   0x0001b8    program     static C:\Users\Johnny\Documents\Project\MPLAB Projects\FileRX.X\FileRX.asm
                     endf   0x0001bc    program     static C:\Users\Johnny\Documents\Project\MPLAB Projects\FileRX.X\FileRX.asm
                 checksum   0x0001c2    program     static C:\Users\Johnny\Documents\Project\MPLAB Projects\FileRX.X\FileRX.asm
                  nextNum   0x0001cc    program     static C:\Users\Johnny\Documents\Project\MPLAB Projects\FileRX.X\FileRX.asm
                incBlocks   0x0001da    program     static C:\Users\Johnny\Documents\Project\MPLAB Projects\FileRX.X\FileRX.asm
                    noMSB   0x0001e6    program     static C:\Users\Johnny\Documents\Project\MPLAB Projects\FileRX.X\FileRX.asm
           SendBlockToRam   0x0001e8    program     static C:\Users\Johnny\Documents\Project\MPLAB Projects\FileRX.X\FileRX.asm
                 nextSend   0x00021e    program     static C:\Users\Johnny\Documents\Project\MPLAB Projects\FileRX.X\FileRX.asm
                 mainline   0x000234    program     static C:\Users\Johnny\Documents\Project\MPLAB Projects\FileRX.X\FileRX.asm
                    stall   0x000292    program     static C:\Users\Johnny\Documents\Project\MPLAB Projects\FileRX.X\FileRX.asm
                      ISR   0x000296    program     static C:\Users\Johnny\Documents\Project\MPLAB Projects\FileRX.X\FileRX.asm
                 SerialRX   0x0002a0    program     static C:\Users\Johnny\Documents\Project\MPLAB Projects\FileRX.X\FileRX.asm


