MPLINK 5.09, LINKER
Linker Map File - Created Wed Jan 27 12:24:51 2021

                                 Section Info
                  Section       Type    Address   Location Size(Bytes)
                ---------  ---------  ---------  ---------  ---------
                   .org_0       code   0x000000    program   0x000008
                   .org_1       code   0x000008    program   0x00008e
                   .cinit    romdata   0x000096    program   0x000002
.config_300000_BUILD/DEFAULT/DEBUG/SERIALINTERR    romdata   0x300000    program   0x000001
.config_300001_BUILD/DEFAULT/DEBUG/SERIALINTERR    romdata   0x300001    program   0x000001
.config_300002_BUILD/DEFAULT/DEBUG/SERIALINTERR    romdata   0x300002    program   0x000001
.config_300003_BUILD/DEFAULT/DEBUG/SERIALINTERR    romdata   0x300003    program   0x000001
.config_300004_BUILD/DEFAULT/DEBUG/SERIALINTERR    romdata   0x300004    program   0x000001
.config_300005_BUILD/DEFAULT/DEBUG/SERIALINTERR    romdata   0x300005    program   0x000001
.config_300006_BUILD/DEFAULT/DEBUG/SERIALINTERR    romdata   0x300006    program   0x000001
.config_300007_BUILD/DEFAULT/DEBUG/SERIALINTERR    romdata   0x300007    program   0x000001



                              Program Memory Usage 
                               Start         End      
                           ---------   ---------      
                            0x000000    0x000097      
                            0x300000    0x300007      
            160 out of 132366 program addresses used, program memory utilization is 0%



                              Symbols - Sorted by Name
                     Name    Address   Location    Storage File                     
                ---------  ---------  ---------  --------- ---------                
                      ISR   0x000058    program     static C:\Users\Johnny\Documents\Project\MPLAB Projects\SerialInterruptCounte.X\SerialInterruptCounter.asm
                     Init   0x00000c    program     static C:\Users\Johnny\Documents\Project\MPLAB Projects\SerialInterruptCounte.X\SerialInterruptCounter.asm
                 Mainline   0x000078    program     static C:\Users\Johnny\Documents\Project\MPLAB Projects\SerialInterruptCounte.X\SerialInterruptCounter.asm
                   WaitRX   0x00007a    program     static C:\Users\Johnny\Documents\Project\MPLAB Projects\SerialInterruptCounte.X\SerialInterruptCounter.asm
                   WaitTX   0x000086    program     static C:\Users\Johnny\Documents\Project\MPLAB Projects\SerialInterruptCounte.X\SerialInterruptCounter.asm



                              Symbols - Sorted by Address
                     Name    Address   Location    Storage File                     
                ---------  ---------  ---------  --------- ---------                
                     Init   0x00000c    program     static C:\Users\Johnny\Documents\Project\MPLAB Projects\SerialInterruptCounte.X\SerialInterruptCounter.asm
                      ISR   0x000058    program     static C:\Users\Johnny\Documents\Project\MPLAB Projects\SerialInterruptCounte.X\SerialInterruptCounter.asm
                 Mainline   0x000078    program     static C:\Users\Johnny\Documents\Project\MPLAB Projects\SerialInterruptCounte.X\SerialInterruptCounter.asm
                   WaitRX   0x00007a    program     static C:\Users\Johnny\Documents\Project\MPLAB Projects\SerialInterruptCounte.X\SerialInterruptCounter.asm
                   WaitTX   0x000086    program     static C:\Users\Johnny\Documents\Project\MPLAB Projects\SerialInterruptCounte.X\SerialInterruptCounter.asm


