MPLINK 5.09, LINKER
Linker Map File - Created Fri Oct 09 15:14:51 2020

                                 Section Info
                  Section       Type    Address   Location Size(Bytes)
                ---------  ---------  ---------  ---------  ---------
                   .org_0       code   0x000000    program   0x000060
                   .cinit    romdata   0x000060    program   0x000002
.config_300000_BUILD/DEFAULT/PRODUCTION/SERIALT    romdata   0x300000    program   0x000001
.config_300001_BUILD/DEFAULT/PRODUCTION/SERIALT    romdata   0x300001    program   0x000001
.config_300002_BUILD/DEFAULT/PRODUCTION/SERIALT    romdata   0x300002    program   0x000001
.config_300003_BUILD/DEFAULT/PRODUCTION/SERIALT    romdata   0x300003    program   0x000001
.config_300004_BUILD/DEFAULT/PRODUCTION/SERIALT    romdata   0x300004    program   0x000001
.config_300005_BUILD/DEFAULT/PRODUCTION/SERIALT    romdata   0x300005    program   0x000001
.config_300006_BUILD/DEFAULT/PRODUCTION/SERIALT    romdata   0x300006    program   0x000001
.config_300007_BUILD/DEFAULT/PRODUCTION/SERIALT    romdata   0x300007    program   0x000001



                              Program Memory Usage 
                               Start         End      
                           ---------   ---------      
                            0x000000    0x000061      
                            0x300000    0x300007      
            106 out of 132366 program addresses used, program memory utilization is 0%



                              Symbols - Sorted by Name
                     Name    Address   Location    Storage File                     
                ---------  ---------  ---------  --------- ---------                
                   repeat   0x000032    program     static C:\Users\Johnny\Desktop\Project Serial\SerialTX.X\SerialTX.asm
                    wait0   0x000032    program     static C:\Users\Johnny\Desktop\Project Serial\SerialTX.X\SerialTX.asm
                    wait1   0x00003e    program     static C:\Users\Johnny\Desktop\Project Serial\SerialTX.X\SerialTX.asm
                    wait2   0x000048    program     static C:\Users\Johnny\Desktop\Project Serial\SerialTX.X\SerialTX.asm
                    wait3   0x000052    program     static C:\Users\Johnny\Desktop\Project Serial\SerialTX.X\SerialTX.asm



                              Symbols - Sorted by Address
                     Name    Address   Location    Storage File                     
                ---------  ---------  ---------  --------- ---------                
                   repeat   0x000032    program     static C:\Users\Johnny\Desktop\Project Serial\SerialTX.X\SerialTX.asm
                    wait0   0x000032    program     static C:\Users\Johnny\Desktop\Project Serial\SerialTX.X\SerialTX.asm
                    wait1   0x00003e    program     static C:\Users\Johnny\Desktop\Project Serial\SerialTX.X\SerialTX.asm
                    wait2   0x000048    program     static C:\Users\Johnny\Desktop\Project Serial\SerialTX.X\SerialTX.asm
                    wait3   0x000052    program     static C:\Users\Johnny\Desktop\Project Serial\SerialTX.X\SerialTX.asm


