MPLINK 5.09, LINKER
Linker Map File - Created Mon Dec 21 18:51:26 2020

                                 Section Info
                  Section       Type    Address   Location Size(Bytes)
                ---------  ---------  ---------  ---------  ---------
                   .org_0       code   0x000000    program   0x00036a
                   .cinit    romdata   0x00036a    program   0x000002
.config_300000_BUILD/DEFAULT/PRODUCTION/DENSITY    romdata   0x300000    program   0x000001
.config_300001_BUILD/DEFAULT/PRODUCTION/DENSITY    romdata   0x300001    program   0x000001
.config_300002_BUILD/DEFAULT/PRODUCTION/DENSITY    romdata   0x300002    program   0x000001
.config_300003_BUILD/DEFAULT/PRODUCTION/DENSITY    romdata   0x300003    program   0x000001
.config_300004_BUILD/DEFAULT/PRODUCTION/DENSITY    romdata   0x300004    program   0x000001
.config_300005_BUILD/DEFAULT/PRODUCTION/DENSITY    romdata   0x300005    program   0x000001
.config_300006_BUILD/DEFAULT/PRODUCTION/DENSITY    romdata   0x300006    program   0x000001
.config_300007_BUILD/DEFAULT/PRODUCTION/DENSITY    romdata   0x300007    program   0x000001



                              Program Memory Usage 
                               Start         End      
                           ---------   ---------      
                            0x000000    0x00036b      
                            0x300000    0x300007      
            884 out of 132366 program addresses used, program memory utilization is 0%



                              Symbols - Sorted by Name
                     Name    Address   Location    Storage File                     
                ---------  ---------  ---------  --------- ---------                
                  D10mSec   0x00034e    program     static C:\Users\Johnny\Desktop\Project Serial\I2CDisplay.X\density.asm
                   D1uSec   0x00033c    program     static C:\Users\Johnny\Desktop\Project Serial\I2CDisplay.X\density.asm
                I2CgotAck   0x0002ce    program     static C:\Users\Johnny\Desktop\Project Serial\I2CDisplay.X\density.asm
                   I2Cput   0x0002c4    program     static C:\Users\Johnny\Desktop\Project Serial\I2CDisplay.X\density.asm
                 I2Csetup   0x0002ba    program     static C:\Users\Johnny\Desktop\Project Serial\I2CDisplay.X\density.asm
           I2CwaitForData   0x0002b2    program     static C:\Users\Johnny\Desktop\Project Serial\I2CDisplay.X\density.asm
           I2CwaitForIdle   0x0002a4    program     static C:\Users\Johnny\Desktop\Project Serial\I2CDisplay.X\density.asm
                       go   0x00006c    program     static C:\Users\Johnny\Desktop\Project Serial\I2CDisplay.X\density.asm
                    pause   0x00029a    program     static C:\Users\Johnny\Desktop\Project Serial\I2CDisplay.X\density.asm
                        r   0x00029c    program     static C:\Users\Johnny\Desktop\Project Serial\I2CDisplay.X\density.asm
                  resloop   0x000302    program     static C:\Users\Johnny\Desktop\Project Serial\I2CDisplay.X\density.asm
                      rms   0x00035c    program     static C:\Users\Johnny\Desktop\Project Serial\I2CDisplay.X\density.asm
                softReset   0x0002d4    program     static C:\Users\Johnny\Desktop\Project Serial\I2CDisplay.X\density.asm
                    stall   0x000068    program     static C:\Users\Johnny\Desktop\Project Serial\I2CDisplay.X\density.asm
                     trig   0x000346    program     static C:\Users\Johnny\Desktop\Project Serial\I2CDisplay.X\density.asm
                      xxx   0x000356    program     static C:\Users\Johnny\Desktop\Project Serial\I2CDisplay.X\density.asm



                              Symbols - Sorted by Address
                     Name    Address   Location    Storage File                     
                ---------  ---------  ---------  --------- ---------                
                    stall   0x000068    program     static C:\Users\Johnny\Desktop\Project Serial\I2CDisplay.X\density.asm
                       go   0x00006c    program     static C:\Users\Johnny\Desktop\Project Serial\I2CDisplay.X\density.asm
                    pause   0x00029a    program     static C:\Users\Johnny\Desktop\Project Serial\I2CDisplay.X\density.asm
                        r   0x00029c    program     static C:\Users\Johnny\Desktop\Project Serial\I2CDisplay.X\density.asm
           I2CwaitForIdle   0x0002a4    program     static C:\Users\Johnny\Desktop\Project Serial\I2CDisplay.X\density.asm
           I2CwaitForData   0x0002b2    program     static C:\Users\Johnny\Desktop\Project Serial\I2CDisplay.X\density.asm
                 I2Csetup   0x0002ba    program     static C:\Users\Johnny\Desktop\Project Serial\I2CDisplay.X\density.asm
                   I2Cput   0x0002c4    program     static C:\Users\Johnny\Desktop\Project Serial\I2CDisplay.X\density.asm
                I2CgotAck   0x0002ce    program     static C:\Users\Johnny\Desktop\Project Serial\I2CDisplay.X\density.asm
                softReset   0x0002d4    program     static C:\Users\Johnny\Desktop\Project Serial\I2CDisplay.X\density.asm
                  resloop   0x000302    program     static C:\Users\Johnny\Desktop\Project Serial\I2CDisplay.X\density.asm
                   D1uSec   0x00033c    program     static C:\Users\Johnny\Desktop\Project Serial\I2CDisplay.X\density.asm
                     trig   0x000346    program     static C:\Users\Johnny\Desktop\Project Serial\I2CDisplay.X\density.asm
                  D10mSec   0x00034e    program     static C:\Users\Johnny\Desktop\Project Serial\I2CDisplay.X\density.asm
                      xxx   0x000356    program     static C:\Users\Johnny\Desktop\Project Serial\I2CDisplay.X\density.asm
                      rms   0x00035c    program     static C:\Users\Johnny\Desktop\Project Serial\I2CDisplay.X\density.asm


