MPLINK 5.09, LINKER
Linker Map File - Created Fri Nov 20 17:13:54 2020

                                 Section Info
                  Section       Type    Address   Location Size(Bytes)
                ---------  ---------  ---------  ---------  ---------
                   .org_0       code   0x000000    program   0x000008
                   .org_1       code   0x000008    program   0x000004
                   .cinit    romdata   0x00000c    program   0x000002
                   .org_2       code   0x000018    program   0x000032
.config_300000_BUILD/DEFAULT/PRODUCTION/LEDTIME    romdata   0x300000    program   0x000001
.config_300001_BUILD/DEFAULT/PRODUCTION/LEDTIME    romdata   0x300001    program   0x000001
.config_300002_BUILD/DEFAULT/PRODUCTION/LEDTIME    romdata   0x300002    program   0x000001
.config_300003_BUILD/DEFAULT/PRODUCTION/LEDTIME    romdata   0x300003    program   0x000001
.config_300004_BUILD/DEFAULT/PRODUCTION/LEDTIME    romdata   0x300004    program   0x000001
.config_300005_BUILD/DEFAULT/PRODUCTION/LEDTIME    romdata   0x300005    program   0x000001
.config_300006_BUILD/DEFAULT/PRODUCTION/LEDTIME    romdata   0x300006    program   0x000001
.config_300007_BUILD/DEFAULT/PRODUCTION/LEDTIME    romdata   0x300007    program   0x000001



                              Program Memory Usage 
                               Start         End      
                           ---------   ---------      
                            0x000000    0x00000d      
                            0x000018    0x000049      
                            0x300000    0x300007      
            72 out of 132366 program addresses used, program memory utilization is 0%



                              Symbols - Sorted by Name
                     Name    Address   Location    Storage File                     
                ---------  ---------  ---------  --------- ---------                
                      ISR   0x00003a    program     static C:\Users\Johnny\Desktop\Project\LEDTimer.X\LEDTimer.asm
                     Init   0x00001c    program     static C:\Users\Johnny\Desktop\Project\LEDTimer.X\LEDTimer.asm
                 Mainline   0x000046    program     static C:\Users\Johnny\Desktop\Project\LEDTimer.X\LEDTimer.asm



                              Symbols - Sorted by Address
                     Name    Address   Location    Storage File                     
                ---------  ---------  ---------  --------- ---------                
                     Init   0x00001c    program     static C:\Users\Johnny\Desktop\Project\LEDTimer.X\LEDTimer.asm
                      ISR   0x00003a    program     static C:\Users\Johnny\Desktop\Project\LEDTimer.X\LEDTimer.asm
                 Mainline   0x000046    program     static C:\Users\Johnny\Desktop\Project\LEDTimer.X\LEDTimer.asm


