MPLINK 5.09, LINKER
Linker Map File - Created Wed Jan 27 13:15:59 2021

                                 Section Info
                  Section       Type    Address   Location Size(Bytes)
                ---------  ---------  ---------  ---------  ---------
                   .org_0       code   0x000000    program   0x000054
                   .cinit    romdata   0x000054    program   0x000002
.config_300000_BUILD/DEFAULT/PRODUCTION/SERIALR    romdata   0x300000    program   0x000001
.config_300001_BUILD/DEFAULT/PRODUCTION/SERIALR    romdata   0x300001    program   0x000001
.config_300002_BUILD/DEFAULT/PRODUCTION/SERIALR    romdata   0x300002    program   0x000001
.config_300003_BUILD/DEFAULT/PRODUCTION/SERIALR    romdata   0x300003    program   0x000001
.config_300004_BUILD/DEFAULT/PRODUCTION/SERIALR    romdata   0x300004    program   0x000001
.config_300005_BUILD/DEFAULT/PRODUCTION/SERIALR    romdata   0x300005    program   0x000001
.config_300006_BUILD/DEFAULT/PRODUCTION/SERIALR    romdata   0x300006    program   0x000001
.config_300007_BUILD/DEFAULT/PRODUCTION/SERIALR    romdata   0x300007    program   0x000001



                              Program Memory Usage 
                               Start         End      
                           ---------   ---------      
                            0x000000    0x000055      
                            0x300000    0x300007      
            94 out of 132366 program addresses used, program memory utilization is 0%



                              Symbols - Sorted by Name
                     Name    Address   Location    Storage File                     
                ---------  ---------  ---------  --------- ---------                
                   Repeat   0x000038    program     static C:\Users\Johnny\Documents\Project\MPLAB Projects\SerialRXEcho.X\SerialRXEcho.asm
                   WaitRX   0x00003a    program     static C:\Users\Johnny\Documents\Project\MPLAB Projects\SerialRXEcho.X\SerialRXEcho.asm
                   WaitTX   0x000046    program     static C:\Users\Johnny\Documents\Project\MPLAB Projects\SerialRXEcho.X\SerialRXEcho.asm



                              Symbols - Sorted by Address
                     Name    Address   Location    Storage File                     
                ---------  ---------  ---------  --------- ---------                
                   Repeat   0x000038    program     static C:\Users\Johnny\Documents\Project\MPLAB Projects\SerialRXEcho.X\SerialRXEcho.asm
                   WaitRX   0x00003a    program     static C:\Users\Johnny\Documents\Project\MPLAB Projects\SerialRXEcho.X\SerialRXEcho.asm
                   WaitTX   0x000046    program     static C:\Users\Johnny\Documents\Project\MPLAB Projects\SerialRXEcho.X\SerialRXEcho.asm


