MPLINK 5.09, LINKER
Linker Map File - Created Fri Jan 01 12:25:39 2021

                                 Section Info
                  Section       Type    Address   Location Size(Bytes)
                ---------  ---------  ---------  ---------  ---------
                   .org_0       code   0x000000    program   0x000318
                   .cinit    romdata   0x000318    program   0x000002
.config_300000_BUILD/DEFAULT/PRODUCTION/DAC-RAM    romdata   0x300000    program   0x000001
.config_300001_BUILD/DEFAULT/PRODUCTION/DAC-RAM    romdata   0x300001    program   0x000001
.config_300002_BUILD/DEFAULT/PRODUCTION/DAC-RAM    romdata   0x300002    program   0x000001
.config_300003_BUILD/DEFAULT/PRODUCTION/DAC-RAM    romdata   0x300003    program   0x000001
.config_300004_BUILD/DEFAULT/PRODUCTION/DAC-RAM    romdata   0x300004    program   0x000001
.config_300005_BUILD/DEFAULT/PRODUCTION/DAC-RAM    romdata   0x300005    program   0x000001
.config_300006_BUILD/DEFAULT/PRODUCTION/DAC-RAM    romdata   0x300006    program   0x000001
.config_300007_BUILD/DEFAULT/PRODUCTION/DAC-RAM    romdata   0x300007    program   0x000001



                              Program Memory Usage 
                               Start         End      
                           ---------   ---------      
                            0x000000    0x000319      
                            0x300000    0x300007      
            802 out of 132366 program addresses used, program memory utilization is 0%



                              Symbols - Sorted by Name
                     Name    Address   Location    Storage File                     
                ---------  ---------  ---------  --------- ---------                
                  D10mSec   0x000304    program     static C:\Users\Johnny\Desktop\Project\DAC-RAM.X\DAC-RAM.asm
                   D1uSec   0x0002f6    program     static C:\Users\Johnny\Desktop\Project\DAC-RAM.X\DAC-RAM.asm
               I2C1GotAck   0x000258    program     static C:\Users\Johnny\Desktop\Project\DAC-RAM.X\DAC-RAM.asm
                  I2C1Put   0x00024e    program     static C:\Users\Johnny\Desktop\Project\DAC-RAM.X\DAC-RAM.asm
                I2C1Setup   0x000244    program     static C:\Users\Johnny\Desktop\Project\DAC-RAM.X\DAC-RAM.asm
             I2C1WaitData   0x00023c    program     static C:\Users\Johnny\Desktop\Project\DAC-RAM.X\DAC-RAM.asm
             I2C1WaitIdle   0x00022e    program     static C:\Users\Johnny\Desktop\Project\DAC-RAM.X\DAC-RAM.asm
               I2C2GotAck   0x000288    program     static C:\Users\Johnny\Desktop\Project\DAC-RAM.X\DAC-RAM.asm
                  I2C2Put   0x00027e    program     static C:\Users\Johnny\Desktop\Project\DAC-RAM.X\DAC-RAM.asm
                I2C2Setup   0x000274    program     static C:\Users\Johnny\Desktop\Project\DAC-RAM.X\DAC-RAM.asm
             I2C2WaitData   0x00026c    program     static C:\Users\Johnny\Desktop\Project\DAC-RAM.X\DAC-RAM.asm
             I2C2WaitIdle   0x00025e    program     static C:\Users\Johnny\Desktop\Project\DAC-RAM.X\DAC-RAM.asm
             _.org_0_0146   0x000146    program     static C:\Users\Johnny\Desktop\Project\DAC-RAM.X\DAC-RAM.asm
             _.org_0_015C   0x00015c    program     static C:\Users\Johnny\Desktop\Project\DAC-RAM.X\DAC-RAM.asm
             _.org_0_0172   0x000172    program     static C:\Users\Johnny\Desktop\Project\DAC-RAM.X\DAC-RAM.asm
             _.org_0_0188   0x000188    program     static C:\Users\Johnny\Desktop\Project\DAC-RAM.X\DAC-RAM.asm
             _.org_0_019E   0x00019e    program     static C:\Users\Johnny\Desktop\Project\DAC-RAM.X\DAC-RAM.asm
             _.org_0_01B4   0x0001b4    program     static C:\Users\Johnny\Desktop\Project\DAC-RAM.X\DAC-RAM.asm
             _.org_0_01CA   0x0001ca    program     static C:\Users\Johnny\Desktop\Project\DAC-RAM.X\DAC-RAM.asm
             _.org_0_01E0   0x0001e0    program     static C:\Users\Johnny\Desktop\Project\DAC-RAM.X\DAC-RAM.asm
                  resloop   0x0002bc    program     static C:\Users\Johnny\Desktop\Project\DAC-RAM.X\DAC-RAM.asm
                      rms   0x00030a    program     static C:\Users\Johnny\Desktop\Project\DAC-RAM.X\DAC-RAM.asm
                     skip   0x0000f8    program     static C:\Users\Johnny\Desktop\Project\DAC-RAM.X\DAC-RAM.asm
                softReset   0x00028e    program     static C:\Users\Johnny\Desktop\Project\DAC-RAM.X\DAC-RAM.asm
                     spin   0x000042    program     static C:\Users\Johnny\Desktop\Project\DAC-RAM.X\DAC-RAM.asm
                    stall   0x00022a    program     static C:\Users\Johnny\Desktop\Project\DAC-RAM.X\DAC-RAM.asm
                     trig   0x000300    program     static C:\Users\Johnny\Desktop\Project\DAC-RAM.X\DAC-RAM.asm



                              Symbols - Sorted by Address
                     Name    Address   Location    Storage File                     
                ---------  ---------  ---------  --------- ---------                
                     spin   0x000042    program     static C:\Users\Johnny\Desktop\Project\DAC-RAM.X\DAC-RAM.asm
                     skip   0x0000f8    program     static C:\Users\Johnny\Desktop\Project\DAC-RAM.X\DAC-RAM.asm
             _.org_0_0146   0x000146    program     static C:\Users\Johnny\Desktop\Project\DAC-RAM.X\DAC-RAM.asm
             _.org_0_015C   0x00015c    program     static C:\Users\Johnny\Desktop\Project\DAC-RAM.X\DAC-RAM.asm
             _.org_0_0172   0x000172    program     static C:\Users\Johnny\Desktop\Project\DAC-RAM.X\DAC-RAM.asm
             _.org_0_0188   0x000188    program     static C:\Users\Johnny\Desktop\Project\DAC-RAM.X\DAC-RAM.asm
             _.org_0_019E   0x00019e    program     static C:\Users\Johnny\Desktop\Project\DAC-RAM.X\DAC-RAM.asm
             _.org_0_01B4   0x0001b4    program     static C:\Users\Johnny\Desktop\Project\DAC-RAM.X\DAC-RAM.asm
             _.org_0_01CA   0x0001ca    program     static C:\Users\Johnny\Desktop\Project\DAC-RAM.X\DAC-RAM.asm
             _.org_0_01E0   0x0001e0    program     static C:\Users\Johnny\Desktop\Project\DAC-RAM.X\DAC-RAM.asm
                    stall   0x00022a    program     static C:\Users\Johnny\Desktop\Project\DAC-RAM.X\DAC-RAM.asm
             I2C1WaitIdle   0x00022e    program     static C:\Users\Johnny\Desktop\Project\DAC-RAM.X\DAC-RAM.asm
             I2C1WaitData   0x00023c    program     static C:\Users\Johnny\Desktop\Project\DAC-RAM.X\DAC-RAM.asm
                I2C1Setup   0x000244    program     static C:\Users\Johnny\Desktop\Project\DAC-RAM.X\DAC-RAM.asm
                  I2C1Put   0x00024e    program     static C:\Users\Johnny\Desktop\Project\DAC-RAM.X\DAC-RAM.asm
               I2C1GotAck   0x000258    program     static C:\Users\Johnny\Desktop\Project\DAC-RAM.X\DAC-RAM.asm
             I2C2WaitIdle   0x00025e    program     static C:\Users\Johnny\Desktop\Project\DAC-RAM.X\DAC-RAM.asm
             I2C2WaitData   0x00026c    program     static C:\Users\Johnny\Desktop\Project\DAC-RAM.X\DAC-RAM.asm
                I2C2Setup   0x000274    program     static C:\Users\Johnny\Desktop\Project\DAC-RAM.X\DAC-RAM.asm
                  I2C2Put   0x00027e    program     static C:\Users\Johnny\Desktop\Project\DAC-RAM.X\DAC-RAM.asm
               I2C2GotAck   0x000288    program     static C:\Users\Johnny\Desktop\Project\DAC-RAM.X\DAC-RAM.asm
                softReset   0x00028e    program     static C:\Users\Johnny\Desktop\Project\DAC-RAM.X\DAC-RAM.asm
                  resloop   0x0002bc    program     static C:\Users\Johnny\Desktop\Project\DAC-RAM.X\DAC-RAM.asm
                   D1uSec   0x0002f6    program     static C:\Users\Johnny\Desktop\Project\DAC-RAM.X\DAC-RAM.asm
                     trig   0x000300    program     static C:\Users\Johnny\Desktop\Project\DAC-RAM.X\DAC-RAM.asm
                  D10mSec   0x000304    program     static C:\Users\Johnny\Desktop\Project\DAC-RAM.X\DAC-RAM.asm
                      rms   0x00030a    program     static C:\Users\Johnny\Desktop\Project\DAC-RAM.X\DAC-RAM.asm


